// Jest Snapshot v1, https://goo.gl/fbAQLP

exports[`Testing Reviews component snapshot test 1`] = `
<p>
  Loading reviews ...
</p>
`;
